// Jest Snapshot v1, https://goo.gl/fbAQLP

exports[`should fail if asserting second order index 1`] = `
Array [
  Array [
    Object {
      "id": "9",
      "name": undefined,
      "passed": true,
      "results": Array [
        Object {
          "metrics": Object {
            "domContentLoaded": Object {
              "baseline": Object {
                "accepted": 0,
                "b": 8007.5,
                "datetime": "2019-03-17T17:36:22Z",
                "job_id": "83d526a5d20040a7b854a2cbef64c067",
                "l": 8007.5,
                "new_regime": 0,
                "r": 8007.5,
                "u": 8007.5,
              },
              "metric": "domContentLoaded",
              "passed": true,
              "value": 8007.5,
            },
            "firstContentfulPaint": Object {
              "baseline": Object {
                "accepted": 0,
                "b": 5792.5,
                "datetime": "2019-03-17T17:36:22Z",
                "job_id": "83d526a5d20040a7b854a2cbef64c067",
                "l": 5792.5,
                "new_regime": 0,
                "r": 5792.5,
                "u": 5792.5,
              },
              "metric": "firstContentfulPaint",
              "passed": true,
              "value": 5792.5,
            },
            "firstMeaningfulPaint": Object {
              "baseline": Object {
                "accepted": 0,
                "b": 5792.5,
                "datetime": "2019-03-17T17:36:22Z",
                "job_id": "83d526a5d20040a7b854a2cbef64c067",
                "l": 5792.5,
                "new_regime": 0,
                "r": 5792.5,
                "u": 5792.5,
              },
              "metric": "firstMeaningfulPaint",
              "passed": true,
              "value": 5792.5,
            },
            "firstPaint": Object {
              "baseline": Object {
                "accepted": 0,
                "b": 5792.5,
                "datetime": "2019-03-17T17:36:22Z",
                "job_id": "83d526a5d20040a7b854a2cbef64c067",
                "l": 5792.5,
                "new_regime": 0,
                "r": 5792.5,
                "u": 5792.5,
              },
              "metric": "firstPaint",
              "passed": true,
              "value": 5792.5,
            },
            "load": Object {
              "baseline": Object {
                "accepted": 0,
                "b": 9021.5,
                "datetime": "2019-03-17T17:36:22Z",
                "job_id": "83d526a5d20040a7b854a2cbef64c067",
                "l": 9021.5,
                "new_regime": 0,
                "r": 9021.5,
                "u": 9021.5,
              },
              "metric": "load",
              "passed": true,
              "value": 9021.5,
            },
            "pageWeightEncoded": Object {
              "baseline": Object {
                "accepted": 0,
                "b": 1652947,
                "datetime": "2019-03-17T17:36:22Z",
                "job_id": "83d526a5d20040a7b854a2cbef64c067",
                "l": 1652947,
                "new_regime": 0,
                "r": 1652947,
                "u": 1652947,
              },
              "metric": "pageWeightEncoded",
              "passed": true,
              "value": 1652947,
            },
            "perceptualSpeedIndex": Object {
              "baseline": Object {
                "accepted": 0,
                "b": 6687.040410724904,
                "datetime": "2019-03-17T17:36:22Z",
                "job_id": "83d526a5d20040a7b854a2cbef64c067",
                "l": 6686.040410724904,
                "new_regime": 0,
                "r": 6687.040410724904,
                "u": 6688.040410724904,
              },
              "metric": "perceptualSpeedIndex",
              "passed": true,
              "value": 6687.040410724904,
            },
            "speedIndex": Object {
              "baseline": Object {
                "accepted": 0,
                "b": 6302.802559999996,
                "datetime": "2019-03-17T17:36:22Z",
                "job_id": "83d526a5d20040a7b854a2cbef64c067",
                "l": 6301.802559999996,
                "new_regime": 0,
                "r": 6302.802559999996,
                "u": 6303.802559999996,
              },
              "metric": "speedIndex",
              "passed": true,
              "value": 6302.802559999996,
            },
            "timeToFirstByte": Object {
              "baseline": Object {
                "accepted": 0,
                "b": 4478,
                "datetime": "2019-03-17T17:36:22Z",
                "job_id": "83d526a5d20040a7b854a2cbef64c067",
                "l": 4478,
                "new_regime": 0,
                "r": 4478,
                "u": 4478,
              },
              "metric": "timeToFirstByte",
              "passed": true,
              "value": 4478,
            },
            "timeToFirstInteractive": Object {
              "baseline": Object {
                "accepted": 0,
                "b": 8007.5,
                "datetime": "2019-03-17T17:36:22Z",
                "job_id": "83d526a5d20040a7b854a2cbef64c067",
                "l": 8007.5,
                "new_regime": 0,
                "r": 8007.5,
                "u": 8007.5,
              },
              "metric": "timeToFirstInteractive",
              "passed": true,
              "value": 8007.5,
            },
          },
          "orderIndex": 0,
          "passed": true,
          "url": "http://saucelabs.com/",
        },
      ],
      "url": "https://saucelabs.com/performance/foobar",
    },
    Array [
      "speedIndex",
      "pageWeight",
    ],
  ],
  Array [
    Object {
      "id": "8",
      "name": undefined,
      "passed": false,
      "results": Array [
        Object {
          "metrics": Object {
            "domContentLoaded": Object {
              "baseline": Object {
                "accepted": 0,
                "b": 8007.5,
                "datetime": "2019-03-17T17:36:22Z",
                "job_id": "83d526a5d20040a7b854a2cbef64c067",
                "l": 8007.5,
                "new_regime": 0,
                "r": 8007.5,
                "u": 8007.5,
              },
              "metric": "domContentLoaded",
              "passed": true,
              "value": 8007.5,
            },
            "firstContentfulPaint": Object {
              "baseline": Object {
                "accepted": 0,
                "b": 5792.5,
                "datetime": "2019-03-17T17:36:22Z",
                "job_id": "83d526a5d20040a7b854a2cbef64c067",
                "l": 5792.5,
                "new_regime": 0,
                "r": 5792.5,
                "u": 5792.5,
              },
              "metric": "firstContentfulPaint",
              "passed": true,
              "value": 15792.5,
            },
            "firstMeaningfulPaint": Object {
              "baseline": Object {
                "accepted": 0,
                "b": 5792.5,
                "datetime": "2019-03-17T17:36:22Z",
                "job_id": "83d526a5d20040a7b854a2cbef64c067",
                "l": 5792.5,
                "new_regime": 0,
                "r": 5792.5,
                "u": 5792.5,
              },
              "metric": "firstMeaningfulPaint",
              "passed": true,
              "value": 15792.5,
            },
            "firstPaint": Object {
              "baseline": Object {
                "accepted": 0,
                "b": 5792.5,
                "datetime": "2019-03-17T17:36:22Z",
                "job_id": "83d526a5d20040a7b854a2cbef64c067",
                "l": 5792.5,
                "new_regime": 0,
                "r": 5792.5,
                "u": 5792.5,
              },
              "metric": "firstPaint",
              "passed": true,
              "value": 15792.5,
            },
            "load": Object {
              "baseline": Object {
                "accepted": 0,
                "b": 9021.5,
                "datetime": "2019-03-17T17:36:22Z",
                "job_id": "83d526a5d20040a7b854a2cbef64c067",
                "l": 9021.5,
                "new_regime": 0,
                "r": 9021.5,
                "u": 9021.5,
              },
              "metric": "load",
              "passed": true,
              "value": 9021.5,
            },
            "pageWeightEncoded": Object {
              "baseline": Object {
                "accepted": 0,
                "b": 1652947,
                "datetime": "2019-03-17T17:36:22Z",
                "job_id": "83d526a5d20040a7b854a2cbef64c067",
                "l": 1652947,
                "new_regime": 0,
                "r": 1652947,
                "u": 1652947,
              },
              "metric": "pageWeightEncoded",
              "passed": true,
              "value": 1652947,
            },
            "perceptualSpeedIndex": Object {
              "baseline": Object {
                "accepted": 0,
                "b": 6687.040410724904,
                "datetime": "2019-03-17T17:36:22Z",
                "job_id": "83d526a5d20040a7b854a2cbef64c067",
                "l": 6686.040410724904,
                "new_regime": 0,
                "r": 6687.040410724904,
                "u": 6688.040410724904,
              },
              "metric": "perceptualSpeedIndex",
              "passed": true,
              "value": 6687.040410724904,
            },
            "speedIndex": Object {
              "baseline": Object {
                "accepted": 0,
                "b": 6302.802559999996,
                "datetime": "2019-03-17T17:36:22Z",
                "job_id": "83d526a5d20040a7b854a2cbef64c067",
                "l": 6301.802559999996,
                "new_regime": 0,
                "r": 6302.802559999996,
                "u": 6303.802559999996,
              },
              "metric": "speedIndex",
              "passed": false,
              "value": 16302.802559999996,
            },
            "timeToFirstByte": Object {
              "baseline": Object {
                "accepted": 0,
                "b": 4478,
                "datetime": "2019-03-17T17:36:22Z",
                "job_id": "83d526a5d20040a7b854a2cbef64c067",
                "l": 4478,
                "new_regime": 0,
                "r": 4478,
                "u": 4478,
              },
              "metric": "timeToFirstByte",
              "passed": true,
              "value": 4478,
            },
            "timeToFirstInteractive": Object {
              "baseline": Object {
                "accepted": 0,
                "b": 8007.5,
                "datetime": "2019-03-17T17:36:22Z",
                "job_id": "83d526a5d20040a7b854a2cbef64c067",
                "l": 8007.5,
                "new_regime": 0,
                "r": 8007.5,
                "u": 8007.5,
              },
              "metric": "timeToFirstInteractive",
              "passed": true,
              "value": 18007.5,
            },
          },
          "orderIndex": 0,
          "passed": false,
          "url": "http://saucelabs.com/",
        },
      ],
      "url": "https://saucelabs.com/performance/foobar",
    },
    Array [
      "speedIndex",
      "pageWeight",
    ],
  ],
  Array [
    Object {
      "id": "7",
      "name": undefined,
      "passed": false,
      "results": Array [
        Object {
          "metrics": Object {
            "domContentLoaded": Object {
              "baseline": Object {
                "accepted": 0,
                "b": 8007.5,
                "datetime": "2019-03-17T17:36:22Z",
                "job_id": "83d526a5d20040a7b854a2cbef64c067",
                "l": 8007.5,
                "new_regime": 0,
                "r": 8007.5,
                "u": 8007.5,
              },
              "metric": "domContentLoaded",
              "passed": true,
              "value": 8007.5,
            },
            "firstContentfulPaint": Object {
              "baseline": Object {
                "accepted": 0,
                "b": 5792.5,
                "datetime": "2019-03-17T17:36:22Z",
                "job_id": "83d526a5d20040a7b854a2cbef64c067",
                "l": 5792.5,
                "new_regime": 0,
                "r": 5792.5,
                "u": 5792.5,
              },
              "metric": "firstContentfulPaint",
              "passed": true,
              "value": 15792.5,
            },
            "firstMeaningfulPaint": Object {
              "baseline": Object {
                "accepted": 0,
                "b": 5792.5,
                "datetime": "2019-03-17T17:36:22Z",
                "job_id": "83d526a5d20040a7b854a2cbef64c067",
                "l": 5792.5,
                "new_regime": 0,
                "r": 5792.5,
                "u": 5792.5,
              },
              "metric": "firstMeaningfulPaint",
              "passed": true,
              "value": 15792.5,
            },
            "firstPaint": Object {
              "baseline": Object {
                "accepted": 0,
                "b": 5792.5,
                "datetime": "2019-03-17T17:36:22Z",
                "job_id": "83d526a5d20040a7b854a2cbef64c067",
                "l": 5792.5,
                "new_regime": 0,
                "r": 5792.5,
                "u": 5792.5,
              },
              "metric": "firstPaint",
              "passed": true,
              "value": 15792.5,
            },
            "load": Object {
              "baseline": Object {
                "accepted": 0,
                "b": 9021.5,
                "datetime": "2019-03-17T17:36:22Z",
                "job_id": "83d526a5d20040a7b854a2cbef64c067",
                "l": 9021.5,
                "new_regime": 0,
                "r": 9021.5,
                "u": 9021.5,
              },
              "metric": "load",
              "passed": true,
              "value": 9021.5,
            },
            "pageWeightEncoded": Object {
              "baseline": Object {
                "accepted": 0,
                "b": 1652947,
                "datetime": "2019-03-17T17:36:22Z",
                "job_id": "83d526a5d20040a7b854a2cbef64c067",
                "l": 1652947,
                "new_regime": 0,
                "r": 1652947,
                "u": 1652947,
              },
              "metric": "pageWeightEncoded",
              "passed": true,
              "value": 1652947,
            },
            "perceptualSpeedIndex": Object {
              "baseline": Object {
                "accepted": 0,
                "b": 6687.040410724904,
                "datetime": "2019-03-17T17:36:22Z",
                "job_id": "83d526a5d20040a7b854a2cbef64c067",
                "l": 6686.040410724904,
                "new_regime": 0,
                "r": 6687.040410724904,
                "u": 6688.040410724904,
              },
              "metric": "perceptualSpeedIndex",
              "passed": true,
              "value": 6687.040410724904,
            },
            "speedIndex": Object {
              "baseline": Object {
                "accepted": 0,
                "b": 6302.802559999996,
                "datetime": "2019-03-17T17:36:22Z",
                "job_id": "83d526a5d20040a7b854a2cbef64c067",
                "l": 6301.802559999996,
                "new_regime": 0,
                "r": 6302.802559999996,
                "u": 6303.802559999996,
              },
              "metric": "speedIndex",
              "passed": false,
              "value": 16302.802559999996,
            },
            "timeToFirstByte": Object {
              "baseline": Object {
                "accepted": 0,
                "b": 4478,
                "datetime": "2019-03-17T17:36:22Z",
                "job_id": "83d526a5d20040a7b854a2cbef64c067",
                "l": 4478,
                "new_regime": 0,
                "r": 4478,
                "u": 4478,
              },
              "metric": "timeToFirstByte",
              "passed": true,
              "value": 4478,
            },
            "timeToFirstInteractive": Object {
              "baseline": Object {
                "accepted": 0,
                "b": 8007.5,
                "datetime": "2019-03-17T17:36:22Z",
                "job_id": "83d526a5d20040a7b854a2cbef64c067",
                "l": 8007.5,
                "new_regime": 0,
                "r": 8007.5,
                "u": 8007.5,
              },
              "metric": "timeToFirstInteractive",
              "passed": true,
              "value": 18007.5,
            },
          },
          "orderIndex": 1,
          "passed": false,
          "url": "http://saucelabs-slow.com/",
        },
      ],
      "url": "https://saucelabs.com/performance/foobar",
    },
    Array [
      "speedIndex",
      "pageWeight",
    ],
  ],
]
`;

exports[`should pass if asserting first page url 1`] = `
Array [
  Array [
    Object {
      "id": "9",
      "name": undefined,
      "passed": true,
      "results": Array [
        Object {
          "metrics": Object {
            "domContentLoaded": Object {
              "baseline": Object {
                "accepted": 0,
                "b": 8007.5,
                "datetime": "2019-03-17T17:36:22Z",
                "job_id": "83d526a5d20040a7b854a2cbef64c067",
                "l": 8007.5,
                "new_regime": 0,
                "r": 8007.5,
                "u": 8007.5,
              },
              "metric": "domContentLoaded",
              "passed": true,
              "value": 8007.5,
            },
            "firstContentfulPaint": Object {
              "baseline": Object {
                "accepted": 0,
                "b": 5792.5,
                "datetime": "2019-03-17T17:36:22Z",
                "job_id": "83d526a5d20040a7b854a2cbef64c067",
                "l": 5792.5,
                "new_regime": 0,
                "r": 5792.5,
                "u": 5792.5,
              },
              "metric": "firstContentfulPaint",
              "passed": true,
              "value": 5792.5,
            },
            "firstMeaningfulPaint": Object {
              "baseline": Object {
                "accepted": 0,
                "b": 5792.5,
                "datetime": "2019-03-17T17:36:22Z",
                "job_id": "83d526a5d20040a7b854a2cbef64c067",
                "l": 5792.5,
                "new_regime": 0,
                "r": 5792.5,
                "u": 5792.5,
              },
              "metric": "firstMeaningfulPaint",
              "passed": true,
              "value": 5792.5,
            },
            "firstPaint": Object {
              "baseline": Object {
                "accepted": 0,
                "b": 5792.5,
                "datetime": "2019-03-17T17:36:22Z",
                "job_id": "83d526a5d20040a7b854a2cbef64c067",
                "l": 5792.5,
                "new_regime": 0,
                "r": 5792.5,
                "u": 5792.5,
              },
              "metric": "firstPaint",
              "passed": true,
              "value": 5792.5,
            },
            "load": Object {
              "baseline": Object {
                "accepted": 0,
                "b": 9021.5,
                "datetime": "2019-03-17T17:36:22Z",
                "job_id": "83d526a5d20040a7b854a2cbef64c067",
                "l": 9021.5,
                "new_regime": 0,
                "r": 9021.5,
                "u": 9021.5,
              },
              "metric": "load",
              "passed": true,
              "value": 9021.5,
            },
            "pageWeightEncoded": Object {
              "baseline": Object {
                "accepted": 0,
                "b": 1652947,
                "datetime": "2019-03-17T17:36:22Z",
                "job_id": "83d526a5d20040a7b854a2cbef64c067",
                "l": 1652947,
                "new_regime": 0,
                "r": 1652947,
                "u": 1652947,
              },
              "metric": "pageWeightEncoded",
              "passed": true,
              "value": 1652947,
            },
            "perceptualSpeedIndex": Object {
              "baseline": Object {
                "accepted": 0,
                "b": 6687.040410724904,
                "datetime": "2019-03-17T17:36:22Z",
                "job_id": "83d526a5d20040a7b854a2cbef64c067",
                "l": 6686.040410724904,
                "new_regime": 0,
                "r": 6687.040410724904,
                "u": 6688.040410724904,
              },
              "metric": "perceptualSpeedIndex",
              "passed": true,
              "value": 6687.040410724904,
            },
            "speedIndex": Object {
              "baseline": Object {
                "accepted": 0,
                "b": 6302.802559999996,
                "datetime": "2019-03-17T17:36:22Z",
                "job_id": "83d526a5d20040a7b854a2cbef64c067",
                "l": 6301.802559999996,
                "new_regime": 0,
                "r": 6302.802559999996,
                "u": 6303.802559999996,
              },
              "metric": "speedIndex",
              "passed": true,
              "value": 6302.802559999996,
            },
            "timeToFirstByte": Object {
              "baseline": Object {
                "accepted": 0,
                "b": 4478,
                "datetime": "2019-03-17T17:36:22Z",
                "job_id": "83d526a5d20040a7b854a2cbef64c067",
                "l": 4478,
                "new_regime": 0,
                "r": 4478,
                "u": 4478,
              },
              "metric": "timeToFirstByte",
              "passed": true,
              "value": 4478,
            },
            "timeToFirstInteractive": Object {
              "baseline": Object {
                "accepted": 0,
                "b": 8007.5,
                "datetime": "2019-03-17T17:36:22Z",
                "job_id": "83d526a5d20040a7b854a2cbef64c067",
                "l": 8007.5,
                "new_regime": 0,
                "r": 8007.5,
                "u": 8007.5,
              },
              "metric": "timeToFirstInteractive",
              "passed": true,
              "value": 8007.5,
            },
          },
          "orderIndex": 0,
          "passed": true,
          "url": "http://saucelabs.com/",
        },
      ],
      "url": "https://saucelabs.com/performance/foobar",
    },
    Array [
      "speedIndex",
      "pageWeight",
    ],
  ],
  Array [
    Object {
      "id": "8",
      "name": undefined,
      "passed": false,
      "results": Array [
        Object {
          "metrics": Object {
            "domContentLoaded": Object {
              "baseline": Object {
                "accepted": 0,
                "b": 8007.5,
                "datetime": "2019-03-17T17:36:22Z",
                "job_id": "83d526a5d20040a7b854a2cbef64c067",
                "l": 8007.5,
                "new_regime": 0,
                "r": 8007.5,
                "u": 8007.5,
              },
              "metric": "domContentLoaded",
              "passed": true,
              "value": 8007.5,
            },
            "firstContentfulPaint": Object {
              "baseline": Object {
                "accepted": 0,
                "b": 5792.5,
                "datetime": "2019-03-17T17:36:22Z",
                "job_id": "83d526a5d20040a7b854a2cbef64c067",
                "l": 5792.5,
                "new_regime": 0,
                "r": 5792.5,
                "u": 5792.5,
              },
              "metric": "firstContentfulPaint",
              "passed": true,
              "value": 15792.5,
            },
            "firstMeaningfulPaint": Object {
              "baseline": Object {
                "accepted": 0,
                "b": 5792.5,
                "datetime": "2019-03-17T17:36:22Z",
                "job_id": "83d526a5d20040a7b854a2cbef64c067",
                "l": 5792.5,
                "new_regime": 0,
                "r": 5792.5,
                "u": 5792.5,
              },
              "metric": "firstMeaningfulPaint",
              "passed": true,
              "value": 15792.5,
            },
            "firstPaint": Object {
              "baseline": Object {
                "accepted": 0,
                "b": 5792.5,
                "datetime": "2019-03-17T17:36:22Z",
                "job_id": "83d526a5d20040a7b854a2cbef64c067",
                "l": 5792.5,
                "new_regime": 0,
                "r": 5792.5,
                "u": 5792.5,
              },
              "metric": "firstPaint",
              "passed": true,
              "value": 15792.5,
            },
            "load": Object {
              "baseline": Object {
                "accepted": 0,
                "b": 9021.5,
                "datetime": "2019-03-17T17:36:22Z",
                "job_id": "83d526a5d20040a7b854a2cbef64c067",
                "l": 9021.5,
                "new_regime": 0,
                "r": 9021.5,
                "u": 9021.5,
              },
              "metric": "load",
              "passed": true,
              "value": 9021.5,
            },
            "pageWeightEncoded": Object {
              "baseline": Object {
                "accepted": 0,
                "b": 1652947,
                "datetime": "2019-03-17T17:36:22Z",
                "job_id": "83d526a5d20040a7b854a2cbef64c067",
                "l": 1652947,
                "new_regime": 0,
                "r": 1652947,
                "u": 1652947,
              },
              "metric": "pageWeightEncoded",
              "passed": true,
              "value": 1652947,
            },
            "perceptualSpeedIndex": Object {
              "baseline": Object {
                "accepted": 0,
                "b": 6687.040410724904,
                "datetime": "2019-03-17T17:36:22Z",
                "job_id": "83d526a5d20040a7b854a2cbef64c067",
                "l": 6686.040410724904,
                "new_regime": 0,
                "r": 6687.040410724904,
                "u": 6688.040410724904,
              },
              "metric": "perceptualSpeedIndex",
              "passed": true,
              "value": 6687.040410724904,
            },
            "speedIndex": Object {
              "baseline": Object {
                "accepted": 0,
                "b": 6302.802559999996,
                "datetime": "2019-03-17T17:36:22Z",
                "job_id": "83d526a5d20040a7b854a2cbef64c067",
                "l": 6301.802559999996,
                "new_regime": 0,
                "r": 6302.802559999996,
                "u": 6303.802559999996,
              },
              "metric": "speedIndex",
              "passed": false,
              "value": 16302.802559999996,
            },
            "timeToFirstByte": Object {
              "baseline": Object {
                "accepted": 0,
                "b": 4478,
                "datetime": "2019-03-17T17:36:22Z",
                "job_id": "83d526a5d20040a7b854a2cbef64c067",
                "l": 4478,
                "new_regime": 0,
                "r": 4478,
                "u": 4478,
              },
              "metric": "timeToFirstByte",
              "passed": true,
              "value": 4478,
            },
            "timeToFirstInteractive": Object {
              "baseline": Object {
                "accepted": 0,
                "b": 8007.5,
                "datetime": "2019-03-17T17:36:22Z",
                "job_id": "83d526a5d20040a7b854a2cbef64c067",
                "l": 8007.5,
                "new_regime": 0,
                "r": 8007.5,
                "u": 8007.5,
              },
              "metric": "timeToFirstInteractive",
              "passed": true,
              "value": 18007.5,
            },
          },
          "orderIndex": 0,
          "passed": false,
          "url": "http://saucelabs.com/",
        },
      ],
      "url": "https://saucelabs.com/performance/foobar",
    },
    Array [
      "speedIndex",
      "pageWeight",
    ],
  ],
  Array [
    Object {
      "id": "7",
      "name": undefined,
      "passed": false,
      "results": Array [
        Object {
          "metrics": Object {
            "domContentLoaded": Object {
              "baseline": Object {
                "accepted": 0,
                "b": 8007.5,
                "datetime": "2019-03-17T17:36:22Z",
                "job_id": "83d526a5d20040a7b854a2cbef64c067",
                "l": 8007.5,
                "new_regime": 0,
                "r": 8007.5,
                "u": 8007.5,
              },
              "metric": "domContentLoaded",
              "passed": true,
              "value": 8007.5,
            },
            "firstContentfulPaint": Object {
              "baseline": Object {
                "accepted": 0,
                "b": 5792.5,
                "datetime": "2019-03-17T17:36:22Z",
                "job_id": "83d526a5d20040a7b854a2cbef64c067",
                "l": 5792.5,
                "new_regime": 0,
                "r": 5792.5,
                "u": 5792.5,
              },
              "metric": "firstContentfulPaint",
              "passed": true,
              "value": 15792.5,
            },
            "firstMeaningfulPaint": Object {
              "baseline": Object {
                "accepted": 0,
                "b": 5792.5,
                "datetime": "2019-03-17T17:36:22Z",
                "job_id": "83d526a5d20040a7b854a2cbef64c067",
                "l": 5792.5,
                "new_regime": 0,
                "r": 5792.5,
                "u": 5792.5,
              },
              "metric": "firstMeaningfulPaint",
              "passed": true,
              "value": 15792.5,
            },
            "firstPaint": Object {
              "baseline": Object {
                "accepted": 0,
                "b": 5792.5,
                "datetime": "2019-03-17T17:36:22Z",
                "job_id": "83d526a5d20040a7b854a2cbef64c067",
                "l": 5792.5,
                "new_regime": 0,
                "r": 5792.5,
                "u": 5792.5,
              },
              "metric": "firstPaint",
              "passed": true,
              "value": 15792.5,
            },
            "load": Object {
              "baseline": Object {
                "accepted": 0,
                "b": 9021.5,
                "datetime": "2019-03-17T17:36:22Z",
                "job_id": "83d526a5d20040a7b854a2cbef64c067",
                "l": 9021.5,
                "new_regime": 0,
                "r": 9021.5,
                "u": 9021.5,
              },
              "metric": "load",
              "passed": true,
              "value": 9021.5,
            },
            "pageWeightEncoded": Object {
              "baseline": Object {
                "accepted": 0,
                "b": 1652947,
                "datetime": "2019-03-17T17:36:22Z",
                "job_id": "83d526a5d20040a7b854a2cbef64c067",
                "l": 1652947,
                "new_regime": 0,
                "r": 1652947,
                "u": 1652947,
              },
              "metric": "pageWeightEncoded",
              "passed": true,
              "value": 1652947,
            },
            "perceptualSpeedIndex": Object {
              "baseline": Object {
                "accepted": 0,
                "b": 6687.040410724904,
                "datetime": "2019-03-17T17:36:22Z",
                "job_id": "83d526a5d20040a7b854a2cbef64c067",
                "l": 6686.040410724904,
                "new_regime": 0,
                "r": 6687.040410724904,
                "u": 6688.040410724904,
              },
              "metric": "perceptualSpeedIndex",
              "passed": true,
              "value": 6687.040410724904,
            },
            "speedIndex": Object {
              "baseline": Object {
                "accepted": 0,
                "b": 6302.802559999996,
                "datetime": "2019-03-17T17:36:22Z",
                "job_id": "83d526a5d20040a7b854a2cbef64c067",
                "l": 6301.802559999996,
                "new_regime": 0,
                "r": 6302.802559999996,
                "u": 6303.802559999996,
              },
              "metric": "speedIndex",
              "passed": false,
              "value": 16302.802559999996,
            },
            "timeToFirstByte": Object {
              "baseline": Object {
                "accepted": 0,
                "b": 4478,
                "datetime": "2019-03-17T17:36:22Z",
                "job_id": "83d526a5d20040a7b854a2cbef64c067",
                "l": 4478,
                "new_regime": 0,
                "r": 4478,
                "u": 4478,
              },
              "metric": "timeToFirstByte",
              "passed": true,
              "value": 4478,
            },
            "timeToFirstInteractive": Object {
              "baseline": Object {
                "accepted": 0,
                "b": 8007.5,
                "datetime": "2019-03-17T17:36:22Z",
                "job_id": "83d526a5d20040a7b854a2cbef64c067",
                "l": 8007.5,
                "new_regime": 0,
                "r": 8007.5,
                "u": 8007.5,
              },
              "metric": "timeToFirstInteractive",
              "passed": true,
              "value": 18007.5,
            },
          },
          "orderIndex": 1,
          "passed": false,
          "url": "http://saucelabs-slow.com/",
        },
      ],
      "url": "https://saucelabs.com/performance/foobar",
    },
    Array [
      "speedIndex",
      "pageWeight",
    ],
  ],
  Array [
    Object {
      "id": "6",
      "name": undefined,
      "passed": true,
      "results": Array [
        Object {
          "metrics": Object {
            "domContentLoaded": Object {
              "baseline": Object {
                "accepted": 0,
                "b": 8007.5,
                "datetime": "2019-03-17T17:36:22Z",
                "job_id": "83d526a5d20040a7b854a2cbef64c067",
                "l": 8007.5,
                "new_regime": 0,
                "r": 8007.5,
                "u": 8007.5,
              },
              "metric": "domContentLoaded",
              "passed": true,
              "value": 8007.5,
            },
            "firstContentfulPaint": Object {
              "baseline": Object {
                "accepted": 0,
                "b": 5792.5,
                "datetime": "2019-03-17T17:36:22Z",
                "job_id": "83d526a5d20040a7b854a2cbef64c067",
                "l": 5792.5,
                "new_regime": 0,
                "r": 5792.5,
                "u": 5792.5,
              },
              "metric": "firstContentfulPaint",
              "passed": true,
              "value": 5792.5,
            },
            "firstMeaningfulPaint": Object {
              "baseline": Object {
                "accepted": 0,
                "b": 5792.5,
                "datetime": "2019-03-17T17:36:22Z",
                "job_id": "83d526a5d20040a7b854a2cbef64c067",
                "l": 5792.5,
                "new_regime": 0,
                "r": 5792.5,
                "u": 5792.5,
              },
              "metric": "firstMeaningfulPaint",
              "passed": true,
              "value": 5792.5,
            },
            "firstPaint": Object {
              "baseline": Object {
                "accepted": 0,
                "b": 5792.5,
                "datetime": "2019-03-17T17:36:22Z",
                "job_id": "83d526a5d20040a7b854a2cbef64c067",
                "l": 5792.5,
                "new_regime": 0,
                "r": 5792.5,
                "u": 5792.5,
              },
              "metric": "firstPaint",
              "passed": true,
              "value": 5792.5,
            },
            "load": Object {
              "baseline": Object {
                "accepted": 0,
                "b": 9021.5,
                "datetime": "2019-03-17T17:36:22Z",
                "job_id": "83d526a5d20040a7b854a2cbef64c067",
                "l": 9021.5,
                "new_regime": 0,
                "r": 9021.5,
                "u": 9021.5,
              },
              "metric": "load",
              "passed": true,
              "value": 9021.5,
            },
            "pageWeightEncoded": Object {
              "baseline": Object {
                "accepted": 0,
                "b": 1652947,
                "datetime": "2019-03-17T17:36:22Z",
                "job_id": "83d526a5d20040a7b854a2cbef64c067",
                "l": 1652947,
                "new_regime": 0,
                "r": 1652947,
                "u": 1652947,
              },
              "metric": "pageWeightEncoded",
              "passed": true,
              "value": 1652947,
            },
            "perceptualSpeedIndex": Object {
              "baseline": Object {
                "accepted": 0,
                "b": 6687.040410724904,
                "datetime": "2019-03-17T17:36:22Z",
                "job_id": "83d526a5d20040a7b854a2cbef64c067",
                "l": 6686.040410724904,
                "new_regime": 0,
                "r": 6687.040410724904,
                "u": 6688.040410724904,
              },
              "metric": "perceptualSpeedIndex",
              "passed": true,
              "value": 6687.040410724904,
            },
            "speedIndex": Object {
              "baseline": Object {
                "accepted": 0,
                "b": 6302.802559999996,
                "datetime": "2019-03-17T17:36:22Z",
                "job_id": "83d526a5d20040a7b854a2cbef64c067",
                "l": 6301.802559999996,
                "new_regime": 0,
                "r": 6302.802559999996,
                "u": 6303.802559999996,
              },
              "metric": "speedIndex",
              "passed": true,
              "value": 6302.802559999996,
            },
            "timeToFirstByte": Object {
              "baseline": Object {
                "accepted": 0,
                "b": 4478,
                "datetime": "2019-03-17T17:36:22Z",
                "job_id": "83d526a5d20040a7b854a2cbef64c067",
                "l": 4478,
                "new_regime": 0,
                "r": 4478,
                "u": 4478,
              },
              "metric": "timeToFirstByte",
              "passed": true,
              "value": 4478,
            },
            "timeToFirstInteractive": Object {
              "baseline": Object {
                "accepted": 0,
                "b": 8007.5,
                "datetime": "2019-03-17T17:36:22Z",
                "job_id": "83d526a5d20040a7b854a2cbef64c067",
                "l": 8007.5,
                "new_regime": 0,
                "r": 8007.5,
                "u": 8007.5,
              },
              "metric": "timeToFirstInteractive",
              "passed": true,
              "value": 8007.5,
            },
          },
          "orderIndex": 0,
          "passed": true,
          "url": "http://saucelabs-fast.com/",
        },
      ],
      "url": "https://saucelabs.com/performance/foobar",
    },
    Array [
      "speedIndex",
      "pageWeight",
    ],
  ],
]
`;

exports[`should run without errors 1`] = `
Array [
  Array [],
  Array [
    "Analyze performance of job",
  ],
]
`;

exports[`should run without errors 2`] = `Array []`;

exports[`should run without errors 3`] = `
Array [
  Array [
    Object {
      "id": "9",
      "name": undefined,
      "passed": true,
      "results": Array [
        Object {
          "metrics": Object {
            "domContentLoaded": Object {
              "baseline": Object {
                "accepted": 0,
                "b": 8007.5,
                "datetime": "2019-03-17T17:36:22Z",
                "job_id": "83d526a5d20040a7b854a2cbef64c067",
                "l": 8007.5,
                "new_regime": 0,
                "r": 8007.5,
                "u": 8007.5,
              },
              "metric": "domContentLoaded",
              "passed": true,
              "value": 8007.5,
            },
            "firstContentfulPaint": Object {
              "baseline": Object {
                "accepted": 0,
                "b": 5792.5,
                "datetime": "2019-03-17T17:36:22Z",
                "job_id": "83d526a5d20040a7b854a2cbef64c067",
                "l": 5792.5,
                "new_regime": 0,
                "r": 5792.5,
                "u": 5792.5,
              },
              "metric": "firstContentfulPaint",
              "passed": true,
              "value": 5792.5,
            },
            "firstMeaningfulPaint": Object {
              "baseline": Object {
                "accepted": 0,
                "b": 5792.5,
                "datetime": "2019-03-17T17:36:22Z",
                "job_id": "83d526a5d20040a7b854a2cbef64c067",
                "l": 5792.5,
                "new_regime": 0,
                "r": 5792.5,
                "u": 5792.5,
              },
              "metric": "firstMeaningfulPaint",
              "passed": true,
              "value": 5792.5,
            },
            "firstPaint": Object {
              "baseline": Object {
                "accepted": 0,
                "b": 5792.5,
                "datetime": "2019-03-17T17:36:22Z",
                "job_id": "83d526a5d20040a7b854a2cbef64c067",
                "l": 5792.5,
                "new_regime": 0,
                "r": 5792.5,
                "u": 5792.5,
              },
              "metric": "firstPaint",
              "passed": true,
              "value": 5792.5,
            },
            "load": Object {
              "baseline": Object {
                "accepted": 0,
                "b": 9021.5,
                "datetime": "2019-03-17T17:36:22Z",
                "job_id": "83d526a5d20040a7b854a2cbef64c067",
                "l": 9021.5,
                "new_regime": 0,
                "r": 9021.5,
                "u": 9021.5,
              },
              "metric": "load",
              "passed": true,
              "value": 9021.5,
            },
            "pageWeightEncoded": Object {
              "baseline": Object {
                "accepted": 0,
                "b": 1652947,
                "datetime": "2019-03-17T17:36:22Z",
                "job_id": "83d526a5d20040a7b854a2cbef64c067",
                "l": 1652947,
                "new_regime": 0,
                "r": 1652947,
                "u": 1652947,
              },
              "metric": "pageWeightEncoded",
              "passed": true,
              "value": 1652947,
            },
            "perceptualSpeedIndex": Object {
              "baseline": Object {
                "accepted": 0,
                "b": 6687.040410724904,
                "datetime": "2019-03-17T17:36:22Z",
                "job_id": "83d526a5d20040a7b854a2cbef64c067",
                "l": 6686.040410724904,
                "new_regime": 0,
                "r": 6687.040410724904,
                "u": 6688.040410724904,
              },
              "metric": "perceptualSpeedIndex",
              "passed": true,
              "value": 6687.040410724904,
            },
            "speedIndex": Object {
              "baseline": Object {
                "accepted": 0,
                "b": 6302.802559999996,
                "datetime": "2019-03-17T17:36:22Z",
                "job_id": "83d526a5d20040a7b854a2cbef64c067",
                "l": 6301.802559999996,
                "new_regime": 0,
                "r": 6302.802559999996,
                "u": 6303.802559999996,
              },
              "metric": "speedIndex",
              "passed": true,
              "value": 6302.802559999996,
            },
            "timeToFirstByte": Object {
              "baseline": Object {
                "accepted": 0,
                "b": 4478,
                "datetime": "2019-03-17T17:36:22Z",
                "job_id": "83d526a5d20040a7b854a2cbef64c067",
                "l": 4478,
                "new_regime": 0,
                "r": 4478,
                "u": 4478,
              },
              "metric": "timeToFirstByte",
              "passed": true,
              "value": 4478,
            },
            "timeToFirstInteractive": Object {
              "baseline": Object {
                "accepted": 0,
                "b": 8007.5,
                "datetime": "2019-03-17T17:36:22Z",
                "job_id": "83d526a5d20040a7b854a2cbef64c067",
                "l": 8007.5,
                "new_regime": 0,
                "r": 8007.5,
                "u": 8007.5,
              },
              "metric": "timeToFirstInteractive",
              "passed": true,
              "value": 8007.5,
            },
          },
          "orderIndex": 0,
          "passed": true,
          "url": "http://saucelabs.com/",
        },
      ],
      "url": "https://saucelabs.com/performance/foobar",
    },
    Array [
      "speedIndex",
      "pageWeight",
    ],
  ],
]
`;
