// Jest Snapshot v1, https://goo.gl/fbAQLP

exports[`should run successfully 1`] = `
Array [
  Array [],
  Array [
    "Run performance test...",
  ],
  Array [
    "Wait for job to finish...",
  ],
  Array [
    "Download performance logs...",
  ],
  Array [
    "Updating job status...",
  ],
]
`;

exports[`should run successfully 2`] = `
Array [
  Array [
    Object {
      "symbol": "📃",
      "text": "Stored performance logs in /some/tmpDir",
    },
  ],
  Array [
    Object {
      "text": "Runtime settings:
- Network Throttling: undefined
- CPU Throttling: undefinedx
",
    },
  ],
  Array [
    Object {
      "symbol": "👀",
      "text": "Check out job at https://saucelabs.com/performance/foobar/0",
    },
  ],
]
`;

exports[`should store tracelogs if path provided 1`] = `
Array [
  Array [
    "foobar123",
    "_tracelog_10285BFC9E231DFB7E269641B3CC670.json.gz",
    "/foo/bar/trace.json",
  ],
]
`;
