// Jest Snapshot v1, https://goo.gl/fbAQLP

exports[`should fail if captured values are out of budget 1`] = `
Object {
  "details": Object {
    "load": Object {
      "actual": 1837,
      "lowerLimit": 0,
      "upperLimit": 1000,
    },
    "speedIndex": Object {
      "actual": 1143,
      "lowerLimit": 500,
      "upperLimit": 1000,
    },
  },
  "result": "failed",
}
`;

exports[`should pass if captured values are within budget 1`] = `
Object {
  "result": "pass",
}
`;

exports[`should run successfully 1`] = `
Array [
  Array [],
  Array [
    "Run performance test...",
  ],
  Array [
    "Wait for job to finish...",
  ],
  Array [
    "Download performance logs...",
  ],
  Array [
    "Updating job status...",
  ],
]
`;

exports[`should run successfully 2`] = `
Array [
  Array [
    Object {
      "symbol": "📃",
      "text": "Stored performance logs in /some/tmpDir",
    },
  ],
  Array [
    Object {
      "symbol": "⚙️ ",
      "text": "Runtime settings:
- Network Throttling: undefined
- CPU Throttling: undefinedx
- CPU/Memory Power: 1234 (undefined)
- User Agent: chrome
",
    },
  ],
  Array [
    Object {
      "symbol": "👀",
      "text": "Check out job at https://saucelabs.com/performance/foobar/0",
    },
  ],
  Array [
    Object {
      "symbol": "📔",
      "text": "Check out Lighthouse Report at https://eds.us-west-1.saucelabs.com/foobar/performance/barfoo/lhr.html",
    },
  ],
]
`;

exports[`should store tracelogs if path provided 1`] = `
Array [
  Array [
    "foobar123",
    "_tracelog_10285BFC9E231DFB7E269641B3CC670.json.gz",
    "/foo/bar/trace.json",
  ],
]
`;
