// Jest Snapshot v1, https://goo.gl/fbAQLP

exports[`runPerformanceTest 1`] = `
Object {
  "result": Object {
    "value": Object {
      "metrics": Object {
        "load": 321,
        "pageWeight": 1000,
        "speedIndex": 10,
        "timeToFirstByte": 123,
      },
    },
  },
  "sessionId": "foobarSession",
}
`;

exports[`runPerformanceTest 2`] = `
Array [
  Array [
    Object {
      "capabilities": Object {
        "browserName": "chrome",
        "build": "buildname",
        "extendedDebugging": true,
        "name": "testname",
        "platform": "Playstation",
        "version": 123,
      },
      "key": "mykey",
      "logLevel": "trace",
      "outputDir": "/some/dir",
      "region": "eu",
      "user": "myuser",
    },
  ],
]
`;
