// Jest Snapshot v1, https://goo.gl/fbAQLP

exports[`analyzeReport 1`] = `
Array [
  Array [
    "
Performance Results
===================",
  ],
  Array [
    "
✅ SUCCESS: my performance test:",
  ],
  Array [
    "╔═══╤═════════════════════════╤══════════════════════════════╗
║ # │ Url                     │ Metrics                      ║
╟───┼─────────────────────────┼──────────────────────────────╢
║ 1 │ https://www.yahoo.com/  │ ✅ load: 9.8s                ║
║   │                         │ ✅ speedIndex: 1.3s          ║
║   │                         │ timeToFirstInteractive: 3.1s ║
║   │                         │ perceptualSpeedIndex: 2s     ║
║   │                         │ pageWeightEncoded: 8m 48.2s  ║
║   │                         │ timeToFirstByte: 502ms       ║
║   │                         │ domContentLoaded: 3.1s       ║
║   │                         │ firstPaint: 1.2s             ║
║   │                         │ firstContentfulPaint: 1.7s   ║
║   │                         │ firstMeaningfulPaint: 2s     ║
╟───┼─────────────────────────┼──────────────────────────────╢
║ 0 │ https://www.amazon.com/ │ ✅ load: 4.9s                ║
║   │                         │ ✅ speedIndex: 2s            ║
║   │                         │ timeToFirstInteractive: 3s   ║
║   │                         │ perceptualSpeedIndex: 2.2s   ║
║   │                         │ pageWeightEncoded: 9m 54.7s  ║
║   │                         │ timeToFirstByte: 693ms       ║
║   │                         │ domContentLoaded: 3s         ║
║   │                         │ firstPaint: 1.4s             ║
║   │                         │ firstContentfulPaint: 1.4s   ║
║   │                         │ firstMeaningfulPaint: 1.7s   ║
╚═══╧═════════════════════════╧══════════════════════════════╝
",
    "👀 Check out job at https://app.saucelabs.com/performance/83d526a5d20040a7b854a2cbef64c067/0
",
  ],
]
`;

exports[`getBudgetMetrics 1`] = `
Array [
  "estimatedInputLatency",
  "timeToFirstByte",
  "domContentLoaded",
  "firstVisualChange",
  "firstPaint",
  "firstContentfulPaint",
  "firstMeaningfulPaint",
  "lastVisualChange",
  "firstCPUIdle",
  "firstInteractive",
  "load",
  "speedIndex",
]
`;

exports[`getBudgetMetrics 2`] = `"You've provided invalid metrics in budget: foo; only the following metrics are available: estimatedInputLatency, timeToFirstByte, domContentLoaded, firstVisualChange, firstPaint, firstContentfulPaint, firstMeaningfulPaint, lastVisualChange, firstCPUIdle, firstInteractive, load, speedIndex, score, jankiness"`;

exports[`getJankinessParam 1`] = `
Object {
  "jankiness": Array [
    Object {
      "l": 50,
      "u": 100,
    },
  ],
}
`;

exports[`getJankinessParam 2`] = `
Object {
  "jankiness": Array [
    Object {
      "l": 50,
      "u": 100,
    },
  ],
}
`;

exports[`prepareBudgetData 1`] = `
Object {
  "domContentLoaded": Array [
    Object {
      "l": 200,
      "u": 300,
    },
  ],
  "estimatedInputLatency": Array [
    Object {
      "l": 0,
      "u": 20,
    },
  ],
  "firstCPUIdle": Array [
    Object {
      "l": 0,
      "u": 400,
    },
  ],
  "firstContentfulPaint": Array [
    Object {
      "l": 0,
      "u": 300,
    },
  ],
  "firstInteractive": Array [
    Object {
      "l": 0,
      "u": 400,
    },
  ],
  "firstMeaningfulPaint": Array [
    Object {
      "l": 0,
      "u": 300,
    },
  ],
  "firstPaint": Array [
    Object {
      "l": 0,
      "u": 300,
    },
  ],
  "firstVisualChange": Array [
    Object {
      "l": 0,
      "u": 100,
    },
  ],
  "lastVisualChange": Array [
    Object {
      "l": 0,
      "u": 400,
    },
  ],
  "load": Array [
    Object {
      "l": 50,
      "u": 500,
    },
  ],
  "speedIndex": Array [
    Object {
      "l": 100,
      "u": 500,
    },
  ],
  "timeToFirstByte": Array [
    Object {
      "l": 50,
      "u": 100,
    },
  ],
}
`;

exports[`printJankinessResult 1`] = `
Array [
  Array [
    "
Jankiness Results
===================",
  ],
  Array [
    "averageFPS: 60",
  ],
  Array [
    "idleTime: 5s",
  ],
  Array [
    "score: 98/100",
  ],
]
`;

exports[`printResult 1`] = `Array []`;

exports[`printResult when test passes 1`] = `Array []`;

exports[`sanitizeMetric 1`] = `"5s"`;

exports[`sanitizeMetric 2`] = `"50/100"`;

exports[`sanitizeMetric 3`] = `"80/100"`;

exports[`sanitizeMetric 4`] = `"10.03MB"`;

exports[`validateJankinessValue 1`] = `
Object {
  "jankiness": Array [
    Object {
      "l": 50,
      "u": 100,
    },
  ],
}
`;

exports[`validateJankinessValue 2`] = `
Object {
  "jankiness": Array [
    Object {
      "l": 50,
      "u": 100,
    },
  ],
}
`;

exports[`validateJankinessValue 3`] = `
Object {
  "jankiness": Array [
    Object {
      "l": 50,
      "u": 100,
    },
  ],
}
`;

exports[`validateJankinessValue 4`] = `"Jankiness score value should be between 0 to 100 you have provided 120"`;
